// Jest Snapshot v1, https://goo.gl/fbAQLP

exports[`test rendering should match snapshot 1`] = `ReactWrapper {}`;

exports[`test rendering should match snapshot 2`] = `ReactWrapper {}`;
